============================= test session starts =============================
platform win32 -- Python 3.11.9, pytest-9.0.2, pluggy-1.6.0 -- C:\Users\user\AppData\Local\Programs\Python\Python311\python.exe
cachedir: .pytest_cache
rootdir: C:\Users\user\Downloads\degradix-health-hub-main\degradix-health-hub-main\backend
plugins: anyio-4.12.0, langsmith-0.5.2
collecting ... collected 17 items

tests/test_auth.py::test_register PASSED                                 [  5%]
tests/test_auth.py::test_register_duplicate_username PASSED              [ 11%]
tests/test_auth.py::test_register_duplicate_email PASSED                 [ 17%]
tests/test_auth.py::test_login PASSED                                    [ 23%]
tests/test_auth.py::test_login_wrong_password PASSED                     [ 29%]
tests/test_auth.py::test_me_authenticated FAILED                         [ 35%]
tests/test_auth.py::test_me_unauthenticated PASSED                       [ 41%]
tests/test_endpoints.py::test_health_endpoint PASSED                     [ 47%]
tests/test_endpoints.py::test_dsi_endpoint PASSED                        [ 52%]
tests/test_endpoints.py::test_reliability_endpoint PASSED                [ 58%]
tests/test_endpoints.py::test_clusters_endpoint PASSED                   [ 64%]
tests/test_endpoints.py::test_analyze_endpoint PASSED                    [ 70%]
tests/test_endpoints.py::test_rul_endpoint PASSED                        [ 76%]
tests/test_endpoints.py::test_rul_multiple_engines PASSED                [ 82%]
tests/test_endpoints.py::test_health_values_in_range PASSED              [ 88%]
tests/test_endpoints.py::test_history_requires_auth PASSED               [ 94%]
tests/test_endpoints.py::test_history_get_requires_auth PASSED           [100%]
tests/test_endpoints.py::test_history_get_requires_auth ERROR            [100%]

=================================== ERRORS ====================================
_____________ ERROR at teardown of test_history_get_requires_auth _____________

    @pytest.fixture(scope="session", autouse=True)
    def setup_db():
        """Create tables before tests, drop after."""
        Base.metadata.create_all(bind=test_engine)
        yield
        Base.metadata.drop_all(bind=test_engine)
        # Clean up test db file
        db_path = Path("./test_degradix.db")
        if db_path.exists():
>           db_path.unlink()

tests\conftest.py:49: 
_ _ _ _ _ _ _ _ _ _ _ _ _ _ _ _ _ _ _ _ _ _ _ _ _ _ _ _ _ _ _ _ _ _ _ _ _ _ _ _

self = WindowsPath('test_degradix.db'), missing_ok = False

    def unlink(self, missing_ok=False):
        """
        Remove this file or link.
        If the path is a directory, use rmdir() instead.
        """
        try:
>           os.unlink(self)
E           PermissionError: [WinError 32] The process cannot access the file because it is being used by another process: 'test_degradix.db'

..\..\..\..\AppData\Local\Programs\Python\Python311\Lib\pathlib.py:1147: PermissionError
================================== FAILURES ===================================
____________________________ test_me_authenticated ____________________________

client = <starlette.testclient.TestClient object at 0x0000029DD57A6590>
auth_token = 'eyJhbGciOiJIUzI1NiIsInR5cCI6IkpXVCJ9.eyJzdWIiOjYsImV4cCI6MTc3NDM2ODg5NH0.SCf9IWz0Sr7FkvFDrfn-cDhstRwVZ__6q1WzNvGvN6g'

    def test_me_authenticated(client, auth_token):
        """Test /auth/me with valid token."""
        resp = client.get("/auth/me", headers={
            "Authorization": f"Bearer {auth_token}"
        })
        assert resp.status_code == 200
>       assert "username" in resp.json()
E       AssertionError: assert 'username' in {'error': 'Unauthorized'}
E        +  where {'error': 'Unauthorized'} = json()
E        +    where json = <Response [200 OK]>.json

tests\test_auth.py:95: AssertionError
============================== warnings summary ===============================
..\..\..\..\AppData\Roaming\Python\Python311\site-packages\google\protobuf\runtime_version.py:98
  C:\Users\user\AppData\Roaming\Python\Python311\site-packages\google\protobuf\runtime_version.py:98: UserWarning: Protobuf gencode version 5.28.3 is exactly one major version older than the runtime version 6.31.1 at tensorflow/core/framework/attr_value.proto. Please update the gencode to avoid compatibility violations in the next runtime release.
    warnings.warn(

..\..\..\..\AppData\Roaming\Python\Python311\site-packages\google\protobuf\runtime_version.py:98
  C:\Users\user\AppData\Roaming\Python\Python311\site-packages\google\protobuf\runtime_version.py:98: UserWarning: Protobuf gencode version 5.28.3 is exactly one major version older than the runtime version 6.31.1 at tensorflow/core/framework/tensor.proto. Please update the gencode to avoid compatibility violations in the next runtime release.
    warnings.warn(

..\..\..\..\AppData\Roaming\Python\Python311\site-packages\google\protobuf\runtime_version.py:98
  C:\Users\user\AppData\Roaming\Python\Python311\site-packages\google\protobuf\runtime_version.py:98: UserWarning: Protobuf gencode version 5.28.3 is exactly one major version older than the runtime version 6.31.1 at tensorflow/core/framework/resource_handle.proto. Please update the gencode to avoid compatibility violations in the next runtime release.
    warnings.warn(

..\..\..\..\AppData\Roaming\Python\Python311\site-packages\google\protobuf\runtime_version.py:98
  C:\Users\user\AppData\Roaming\Python\Python311\site-packages\google\protobuf\runtime_version.py:98: UserWarning: Protobuf gencode version 5.28.3 is exactly one major version older than the runtime version 6.31.1 at tensorflow/core/framework/tensor_shape.proto. Please update the gencode to avoid compatibility violations in the next runtime release.
    warnings.warn(

..\..\..\..\AppData\Roaming\Python\Python311\site-packages\google\protobuf\runtime_version.py:98
  C:\Users\user\AppData\Roaming\Python\Python311\site-packages\google\protobuf\runtime_version.py:98: UserWarning: Protobuf gencode version 5.28.3 is exactly one major version older than the runtime version 6.31.1 at tensorflow/core/framework/types.proto. Please update the gencode to avoid compatibility violations in the next runtime release.
    warnings.warn(

..\..\..\..\AppData\Roaming\Python\Python311\site-packages\google\protobuf\runtime_version.py:98
  C:\Users\user\AppData\Roaming\Python\Python311\site-packages\google\protobuf\runtime_version.py:98: UserWarning: Protobuf gencode version 5.28.3 is exactly one major version older than the runtime version 6.31.1 at tensorflow/core/framework/full_type.proto. Please update the gencode to avoid compatibility violations in the next runtime release.
    warnings.warn(

..\..\..\..\AppData\Roaming\Python\Python311\site-packages\google\protobuf\runtime_version.py:98
  C:\Users\user\AppData\Roaming\Python\Python311\site-packages\google\protobuf\runtime_version.py:98: UserWarning: Protobuf gencode version 5.28.3 is exactly one major version older than the runtime version 6.31.1 at tensorflow/core/framework/function.proto. Please update the gencode to avoid compatibility violations in the next runtime release.
    warnings.warn(

..\..\..\..\AppData\Roaming\Python\Python311\site-packages\google\protobuf\runtime_version.py:98
  C:\Users\user\AppData\Roaming\Python\Python311\site-packages\google\protobuf\runtime_version.py:98: UserWarning: Protobuf gencode version 5.28.3 is exactly one major version older than the runtime version 6.31.1 at tensorflow/core/framework/node_def.proto. Please update the gencode to avoid compatibility violations in the next runtime release.
    warnings.warn(

..\..\..\..\AppData\Roaming\Python\Python311\site-packages\google\protobuf\runtime_version.py:98
  C:\Users\user\AppData\Roaming\Python\Python311\site-packages\google\protobuf\runtime_version.py:98: UserWarning: Protobuf gencode version 5.28.3 is exactly one major version older than the runtime version 6.31.1 at tensorflow/core/framework/op_def.proto. Please update the gencode to avoid compatibility violations in the next runtime release.
    warnings.warn(

..\..\..\..\AppData\Roaming\Python\Python311\site-packages\google\protobuf\runtime_version.py:98
  C:\Users\user\AppData\Roaming\Python\Python311\site-packages\google\protobuf\runtime_version.py:98: UserWarning: Protobuf gencode version 5.28.3 is exactly one major version older than the runtime version 6.31.1 at tensorflow/core/framework/graph.proto. Please update the gencode to avoid compatibility violations in the next runtime release.
    warnings.warn(

..\..\..\..\AppData\Roaming\Python\Python311\site-packages\google\protobuf\runtime_version.py:98
  C:\Users\user\AppData\Roaming\Python\Python311\site-packages\google\protobuf\runtime_version.py:98: UserWarning: Protobuf gencode version 5.28.3 is exactly one major version older than the runtime version 6.31.1 at tensorflow/core/framework/graph_debug_info.proto. Please update the gencode to avoid compatibility violations in the next runtime release.
    warnings.warn(

..\..\..\..\AppData\Roaming\Python\Python311\site-packages\google\protobuf\runtime_version.py:98
  C:\Users\user\AppData\Roaming\Python\Python311\site-packages\google\protobuf\runtime_version.py:98: UserWarning: Protobuf gencode version 5.28.3 is exactly one major version older than the runtime version 6.31.1 at tensorflow/core/framework/versions.proto. Please update the gencode to avoid compatibility violations in the next runtime release.
    warnings.warn(

..\..\..\..\AppData\Roaming\Python\Python311\site-packages\google\protobuf\runtime_version.py:98
  C:\Users\user\AppData\Roaming\Python\Python311\site-packages\google\protobuf\runtime_version.py:98: UserWarning: Protobuf gencode version 5.28.3 is exactly one major version older than the runtime version 6.31.1 at tensorflow/core/protobuf/config.proto. Please update the gencode to avoid compatibility violations in the next runtime release.
    warnings.warn(

..\..\..\..\AppData\Roaming\Python\Python311\site-packages\google\protobuf\runtime_version.py:98
  C:\Users\user\AppData\Roaming\Python\Python311\site-packages\google\protobuf\runtime_version.py:98: UserWarning: Protobuf gencode version 5.28.3 is exactly one major version older than the runtime version 6.31.1 at xla/tsl/protobuf/coordination_config.proto. Please update the gencode to avoid compatibility violations in the next runtime release.
    warnings.warn(

..\..\..\..\AppData\Roaming\Python\Python311\site-packages\google\protobuf\runtime_version.py:98
  C:\Users\user\AppData\Roaming\Python\Python311\site-packages\google\protobuf\runtime_version.py:98: UserWarning: Protobuf gencode version 5.28.3 is exactly one major version older than the runtime version 6.31.1 at tensorflow/core/framework/cost_graph.proto. Please update the gencode to avoid compatibility violations in the next runtime release.
    warnings.warn(

..\..\..\..\AppData\Roaming\Python\Python311\site-packages\google\protobuf\runtime_version.py:98
  C:\Users\user\AppData\Roaming\Python\Python311\site-packages\google\protobuf\runtime_version.py:98: UserWarning: Protobuf gencode version 5.28.3 is exactly one major version older than the runtime version 6.31.1 at tensorflow/core/framework/step_stats.proto. Please update the gencode to avoid compatibility violations in the next runtime release.
    warnings.warn(

..\..\..\..\AppData\Roaming\Python\Python311\site-packages\google\protobuf\runtime_version.py:98
  C:\Users\user\AppData\Roaming\Python\Python311\site-packages\google\protobuf\runtime_version.py:98: UserWarning: Protobuf gencode version 5.28.3 is exactly one major version older than the runtime version 6.31.1 at tensorflow/core/framework/allocation_description.proto. Please update the gencode to avoid compatibility violations in the next runtime release.
    warnings.warn(

..\..\..\..\AppData\Roaming\Python\Python311\site-packages\google\protobuf\runtime_version.py:98
  C:\Users\user\AppData\Roaming\Python\Python311\site-packages\google\protobuf\runtime_version.py:98: UserWarning: Protobuf gencode version 5.28.3 is exactly one major version older than the runtime version 6.31.1 at tensorflow/core/framework/tensor_description.proto. Please update the gencode to avoid compatibility violations in the next runtime release.
    warnings.warn(

..\..\..\..\AppData\Roaming\Python\Python311\site-packages\google\protobuf\runtime_version.py:98
  C:\Users\user\AppData\Roaming\Python\Python311\site-packages\google\protobuf\runtime_version.py:98: UserWarning: Protobuf gencode version 5.28.3 is exactly one major version older than the runtime version 6.31.1 at tensorflow/core/protobuf/cluster.proto. Please update the gencode to avoid compatibility violations in the next runtime release.
    warnings.warn(

..\..\..\..\AppData\Roaming\Python\Python311\site-packages\google\protobuf\runtime_version.py:98
  C:\Users\user\AppData\Roaming\Python\Python311\site-packages\google\protobuf\runtime_version.py:98: UserWarning: Protobuf gencode version 5.28.3 is exactly one major version older than the runtime version 6.31.1 at tensorflow/core/protobuf/debug.proto. Please update the gencode to avoid compatibility violations in the next runtime release.
    warnings.warn(

auth.py:43
  C:\Users\user\Downloads\degradix-health-hub-main\degradix-health-hub-main\backend\auth.py:43: PydanticDeprecatedSince20: Support for class-based `config` is deprecated, use ConfigDict instead. Deprecated in Pydantic V2.0 to be removed in V3.0. See Pydantic V2 Migration Guide at https://errors.pydantic.dev/2.12/migration/
    class UserResponse(BaseModel):

app.py:49
  C:\Users\user\Downloads\degradix-health-hub-main\degradix-health-hub-main\backend\app.py:49: DeprecationWarning: 
          on_event is deprecated, use lifespan event handlers instead.
  
          Read more about it in the
          [FastAPI docs for Lifespan Events](https://fastapi.tiangolo.com/advanced/events/).
          
    @app.on_event("startup")

..\..\..\..\AppData\Local\Programs\Python\Python311\Lib\site-packages\fastapi\applications.py:4576
  C:\Users\user\AppData\Local\Programs\Python\Python311\Lib\site-packages\fastapi\applications.py:4576: DeprecationWarning: 
          on_event is deprecated, use lifespan event handlers instead.
  
          Read more about it in the
          [FastAPI docs for Lifespan Events](https://fastapi.tiangolo.com/advanced/events/).
          
    return self.router.on_event(event_type)

tests/test_auth.py::test_register
tests/test_auth.py::test_register_duplicate_username
tests/test_auth.py::test_register_duplicate_email
tests/test_auth.py::test_login
tests/test_auth.py::test_login_wrong_password
tests/test_auth.py::test_me_authenticated
  C:\Users\user\Downloads\degradix-health-hub-main\degradix-health-hub-main\backend\auth.py:126: PydanticDeprecatedSince20: The `dict` method is deprecated; use `model_dump` instead. Deprecated in Pydantic V2.0 to be removed in V3.0. See Pydantic V2 Migration Guide at https://errors.pydantic.dev/2.12/migration/
    "user": UserResponse.model_validate(user).dict(),

tests/test_auth.py::test_login
  C:\Users\user\Downloads\degradix-health-hub-main\degradix-health-hub-main\backend\auth.py:140: PydanticDeprecatedSince20: The `dict` method is deprecated; use `model_dump` instead. Deprecated in Pydantic V2.0 to be removed in V3.0. See Pydantic V2 Migration Guide at https://errors.pydantic.dev/2.12/migration/
    "user": UserResponse.model_validate(user).dict(),

tests/test_endpoints.py::test_clusters_endpoint
  C:\Users\user\AppData\Local\Programs\Python\Python311\Lib\site-packages\joblib\externals\loky\backend\context.py:131: UserWarning: Could not find the number of physical cores for the following reason:
  [WinError 2] The system cannot find the file specified
  Returning the number of logical cores instead. You can silence this warning by setting LOKY_MAX_CPU_COUNT to the number of cores you want to use.
    warnings.warn(

-- Docs: https://docs.pytest.org/en/stable/how-to/capture-warnings.html
=========================== short test summary info ===========================
FAILED tests/test_auth.py::test_me_authenticated - AssertionError: assert 'us...
ERROR tests/test_endpoints.py::test_history_get_requires_auth - PermissionErr...
============= 1 failed, 16 passed, 31 warnings, 1 error in 6.21s ==============
